[    0.000000] Linux version 4.15.0-202-generic (buildd@lcy02-amd64-115) (gcc version 7.5.0 (Ubuntu 7.5.0-3ubuntu1~18.04)) #213-Ubuntu SMP Thu Jan 5 19:19:12 UTC 2023 (Ubuntu 4.15.0-202.213-generic 4.15.18)
[    0.000000] Command line: BOOT_IMAGE=/boot/vmlinuz-4.15.0-202-generic root=LABEL=cloudimg-rootfs ro console=tty1 console=ttyS0
[    0.000000] KERNEL supported cpus:
[    0.000000]   Intel GenuineIntel
[    0.000000]   AMD AuthenticAMD
[    0.000000]   Centaur CentaurHauls
[    0.000000] x86/fpu: x87 FPU will use FXSAVE
[    0.000000] e820: BIOS-provided physical RAM map:
[    0.000000] BIOS-e820: [mem 0x0000000000000000-0x000000000009fbff] usable
[    0.000000] BIOS-e820: [mem 0x000000000009fc00-0x000000000009ffff] reserved
[    0.000000] BIOS-e820: [mem 0x00000000000f0000-0x00000000000fffff] reserved
[    0.000000] BIOS-e820: [mem 0x0000000000100000-0x000000003ffeffff] usable
[    0.000000] BIOS-e820: [mem 0x000000003fff0000-0x000000003fffffff] ACPI data
[    0.000000] BIOS-e820: [mem 0x00000000fec00000-0x00000000fec00fff] reserved
[    0.000000] BIOS-e820: [mem 0x00000000fee00000-0x00000000fee00fff] reserved
[    0.000000] BIOS-e820: [mem 0x00000000fffc0000-0x00000000ffffffff] reserved
[    0.000000] NX (Execute Disable) protection: active
[    0.000000] SMBIOS 2.5 present.
[    0.000000] DMI: innotek GmbH VirtualBox/VirtualBox, BIOS VirtualBox 12/01/2006
[    0.000000] Hypervisor detected: KVM
[    0.000000] e820: last_pfn = 0x3fff0 max_arch_pfn = 0x400000000
[    0.000000] MTRR: Disabled
[    0.000000] x86/PAT: MTRRs disabled, skipping PAT initialization too.
[    0.000000] CPU MTRRs all blank - virtualized system.
[    0.000000] x86/PAT: Configuration [0-7]: WB  WT  UC- UC  WB  WT  UC- UC  
[    0.000000] found SMP MP-table at [mem 0x0009fff0-0x0009ffff]
[    0.000000] Scanning 1 areas for low memory corruption
[    0.000000] RAMDISK: [mem 0x359cb000-0x36cdcfff]
[    0.000000] ACPI: Early table checksum verification disabled
[    0.000000] ACPI: RSDP 0x00000000000E0000 000024 (v02 VBOX  )
[    0.000000] ACPI: XSDT 0x000000003FFF0030 00003C (v01 VBOX   VBOXXSDT 00000001 ASL  00000061)
[    0.000000] ACPI: FACP 0x000000003FFF00F0 0000F4 (v04 VBOX   VBOXFACP 00000001 ASL  00000061)
[    0.000000] ACPI: DSDT 0x000000003FFF0610 002353 (v02 VBOX   VBOXBIOS 00000002 INTL 20100528)
[    0.000000] ACPI: FACS 0x000000003FFF0200 000040
[    0.000000] ACPI: FACS 0x000000003FFF0200 000040
[    0.000000] ACPI: APIC 0x000000003FFF0240 00005C (v02 VBOX   VBOXAPIC 00000001 ASL  00000061)
[    0.000000] ACPI: SSDT 0x000000003FFF02A0 00036C (v01 VBOX   VBOXCPUT 00000002 INTL 20100528)
[    0.000000] ACPI: Reserving FACP table memory at [mem 0x3fff00f0-0x3fff01e3]
[    0.000000] ACPI: Reserving DSDT table memory at [mem 0x3fff0610-0x3fff2962]
[    0.000000] ACPI: Reserving FACS table memory at [mem 0x3fff0200-0x3fff023f]
[    0.000000] ACPI: Reserving FACS table memory at [mem 0x3fff0200-0x3fff023f]
[    0.000000] ACPI: Reserving APIC table memory at [mem 0x3fff0240-0x3fff029b]
[    0.000000] ACPI: Reserving SSDT table memory at [mem 0x3fff02a0-0x3fff060b]
[    0.000000] No NUMA configuration found
[    0.000000] Faking a node at [mem 0x0000000000000000-0x000000003ffeffff]
[    0.000000] NODE_DATA(0) allocated [mem 0x3ffc5000-0x3ffeffff]
[    0.000000] kvm-clock: cpu 0, msr 0:3ff44001, primary cpu clock
[    0.000000] kvm-clock: Using msrs 4b564d01 and 4b564d00
[    0.000000] kvm-clock: using sched offset of 4834713405 cycles
[    0.000000] clocksource: kvm-clock: mask: 0xffffffffffffffff max_cycles: 0x1cd42e4dffb, max_idle_ns: 881590591483 ns
[    0.000000] Zone ranges:
[    0.000000]   DMA      [mem 0x0000000000001000-0x0000000000ffffff]
[    0.000000]   DMA32    [mem 0x0000000001000000-0x000000003ffeffff]
[    0.000000]   Normal   empty
[    0.000000]   Device   empty
[    0.000000] Movable zone start for each node
[    0.000000] Early memory node ranges
[    0.000000]   node   0: [mem 0x0000000000001000-0x000000000009efff]
[    0.000000]   node   0: [mem 0x0000000000100000-0x000000003ffeffff]
[    0.000000] Reserved but unavailable: 104 pages
[    0.000000] Initmem setup node 0 [mem 0x0000000000001000-0x000000003ffeffff]
[    0.000000] ACPI: PM-Timer IO Port: 0x4008
[    0.000000] IOAPIC[0]: apic_id 2, version 32, address 0xfec00000, GSI 0-23
[    0.000000] ACPI: INT_SRC_OVR (bus 0 bus_irq 0 global_irq 2 dfl dfl)
[    0.000000] ACPI: INT_SRC_OVR (bus 0 bus_irq 9 global_irq 9 low level)
[    0.000000] Using ACPI (MADT) for SMP configuration information
[    0.000000] smpboot: Allowing 2 CPUs, 0 hotplug CPUs
[    0.000000] PM: Registered nosave memory: [mem 0x00000000-0x00000fff]
[    0.000000] PM: Registered nosave memory: [mem 0x0009f000-0x0009ffff]
[    0.000000] PM: Registered nosave memory: [mem 0x000a0000-0x000effff]
[    0.000000] PM: Registered nosave memory: [mem 0x000f0000-0x000fffff]
[    0.000000] e820: [mem 0x40000000-0xfebfffff] available for PCI devices
[    0.000000] Booting paravirtualized kernel on KVM
[    0.000000] clocksource: refined-jiffies: mask: 0xffffffff max_cycles: 0xffffffff, max_idle_ns: 7645519600211568 ns
[    0.000000] setup_percpu: NR_CPUS:8192 nr_cpumask_bits:2 nr_cpu_ids:2 nr_node_ids:1
[    0.000000] percpu: Embedded 50 pages/cpu s167936 r8192 d28672 u1048576
[    0.000000] PV qspinlock hash table entries: 256 (order: 0, 4096 bytes)
[    0.000000] Built 1 zonelists, mobility grouping on.  Total pages: 257913
[    0.000000] Policy zone: DMA32
[    0.000000] Kernel command line: BOOT_IMAGE=/boot/vmlinuz-4.15.0-202-generic root=LABEL=cloudimg-rootfs ro console=tty1 console=ttyS0
[    0.000000] Memory: 982652K/1048120K available (12300K kernel code, 2477K rwdata, 4320K rodata, 2472K init, 2720K bss, 65468K reserved, 0K cma-reserved)
[    0.000000] SLUB: HWalign=64, Order=0-3, MinObjects=0, CPUs=2, Nodes=1
[    0.000000] Kernel/User page tables isolation: enabled
[    0.000000] ftrace: allocating 39478 entries in 155 pages
[    0.004000] Hierarchical RCU implementation.
[    0.004000] 	RCU restricting CPUs from NR_CPUS=8192 to nr_cpu_ids=2.
[    0.004000] 	Tasks RCU enabled.
[    0.004000] RCU: Adjusting geometry for rcu_fanout_leaf=16, nr_cpu_ids=2
[    0.004000] NR_IRQS: 524544, nr_irqs: 440, preallocated irqs: 16
[    0.004000] random: crng init done
[    0.004000] Console: colour VGA+ 80x25
[    0.004000] console [tty1] enabled
[    0.004000] console [ttyS0] enabled
[    0.004000] ACPI: Core revision 20170831
[    0.004000] ACPI: 2 ACPI AML tables successfully acquired and loaded
[    0.004000] APIC: Switch to symmetric I/O mode setup
[    0.004000] ..TIMER: vector=0x30 apic1=0 pin1=2 apic2=-1 pin2=-1
[    0.004000] tsc: Detected 2396.530 MHz processor
[    0.004012] Calibrating delay loop (skipped) preset value.. 4793.06 BogoMIPS (lpj=9586120)
[    0.008006] pid_max: default: 32768 minimum: 301
[    0.015254] Security Framework initialized
[    0.016018] Yama: becoming mindful.
[    0.020162] AppArmor: AppArmor initialized
[    0.036578] Dentry cache hash table entries: 131072 (order: 8, 1048576 bytes)
[    0.046081] Inode-cache hash table entries: 65536 (order: 7, 524288 bytes)
[    0.048134] Mount-cache hash table entries: 2048 (order: 2, 16384 bytes)
[    0.052163] Mountpoint-cache hash table entries: 2048 (order: 2, 16384 bytes)
[    0.061208] Last level iTLB entries: 4KB 64, 2MB 8, 4MB 8
[    0.064008] Last level dTLB entries: 4KB 64, 2MB 0, 4MB 0, 1GB 4
[    0.068008] Spectre V1 : Mitigation: usercopy/swapgs barriers and __user pointer sanitization
[    0.072008] Spectre V2 : Mitigation: Retpolines
[    0.076004] Spectre V2 : Spectre v2 / SpectreRSB mitigation: Filling RSB on context switch
[    0.080005] Speculative Store Bypass: Vulnerable
[    0.084061] MDS: Mitigation: Clear CPU buffers
[    0.088005] MMIO Stale Data: Unknown: No mitigations
[    0.092006] SRBDS: Unknown: Dependent on hypervisor status
[    0.096189] Freeing SMP alternatives memory: 36K
[    0.211058] smpboot: CPU0: Intel(R) Core(TM) i7-5500U CPU @ 2.40GHz (family: 0x6, model: 0x3d, stepping: 0x4)
[    0.213042] Performance Events: unsupported p6 CPU model 61 no PMU driver, software events only.
[    0.216245] Hierarchical SRCU implementation.
[    0.225173] NMI watchdog: Perf event create on CPU 0 failed with -2
[    0.228121] NMI watchdog: Perf NMI watchdog permanently disabled
[    0.232534] smp: Bringing up secondary CPUs ...
[    0.240508] x86: Booting SMP configuration:
[    0.244008] .... node  #0, CPUs:      #1
[    0.004000] kvm-clock: cpu 1, msr 0:3ff44041, secondary cpu clock
[    0.264000] TSC synchronization [CPU#0 -> CPU#1]:
[    0.264000] Measured 82108 cycles TSC warp between CPUs, turning off TSC clock.
[    0.264000] tsc: Marking TSC unstable due to check_tsc_sync_source failed
[    0.268454] smp: Brought up 1 node, 2 CPUs
[    0.272010] smpboot: Max logical packages: 1
[    0.276009] smpboot: Total of 2 processors activated (9586.12 BogoMIPS)
[    0.284118] devtmpfs: initialized
[    0.288153] x86/mm: Memory block size: 128MB
[    0.296484] evm: security.selinux
[    0.300006] evm: security.SMACK64
[    0.308009] evm: security.SMACK64EXEC
[    0.312006] evm: security.SMACK64TRANSMUTE
[    0.316007] evm: security.SMACK64MMAP
[    0.320008] evm: security.apparmor
[    0.324010] evm: security.ima
[    0.328008] evm: security.capability
[    0.336773] clocksource: jiffies: mask: 0xffffffff max_cycles: 0xffffffff, max_idle_ns: 7645041785100000 ns
[    0.360018] futex hash table entries: 512 (order: 3, 32768 bytes)
[    0.372326] pinctrl core: initialized pinctrl subsystem
[    0.384925] RTC time:  7:23:08, date: 01/27/23
[    0.398056] NET: Registered protocol family 16
[    0.408396] audit: initializing netlink subsys (disabled)
[    0.424740] audit: type=2000 audit(1674804193.454:1): state=initialized audit_enabled=0 res=1
[    0.428019] cpuidle: using governor ladder
[    0.440025] cpuidle: using governor menu
[    0.452138] ACPI: bus type PCI registered
[    0.460009] acpiphp: ACPI Hot Plug PCI Controller Driver version: 0.5
[    0.481400] PCI: Using configuration type 1 for base access
[    0.504418] HugeTLB registered 2.00 MiB page size, pre-allocated 0 pages
[    0.528762] ACPI: Added _OSI(Module Device)
[    0.540009] ACPI: Added _OSI(Processor Device)
[    0.548068] ACPI: Added _OSI(3.0 _SCP Extensions)
[    0.560009] ACPI: Added _OSI(Processor Aggregator Device)
[    0.584016] ACPI: Added _OSI(Linux-Dell-Video)
[    0.596013] ACPI: Added _OSI(Linux-Lenovo-NV-HDMI-Audio)
[    0.616077] ACPI: Added _OSI(Linux-HPI-Hybrid-Graphics)
[    0.636831] ACPI: Executed 1 blocks of module-level executable AML code
[    0.663867] ACPI: Interpreter enabled
[    0.672039] ACPI: (supports S0 S5)
[    0.684013] ACPI: Using IOAPIC for interrupt routing
[    0.704736] PCI: Using host bridge windows from ACPI; if necessary, use "pci=nocrs" and report a bug
[    0.732634] ACPI: Enabled 2 GPEs in block 00 to 07
[    0.820000] ACPI: PCI Root Bridge [PCI0] (domain 0000 [bus 00-ff])
[    0.840021] acpi PNP0A03:00: _OSC: OS supports [ASPM ClockPM Segments MSI]
[    0.865575] acpi PNP0A03:00: _OSC: not requesting OS control; OS requires [ExtendedConfig ASPM ClockPM MSI]
[    0.900035] acpi PNP0A03:00: fail to add MMCONFIG information, can't access extended PCI configuration space under this bridge.
[    0.941988] PCI host bridge to bus 0000:00
[    0.960013] pci_bus 0000:00: root bus resource [io  0x0000-0x0cf7 window]
[    0.980013] pci_bus 0000:00: root bus resource [io  0x0d00-0xffff window]
[    0.992015] pci_bus 0000:00: root bus resource [mem 0x000a0000-0x000bffff window]
[    1.004011] pci_bus 0000:00: root bus resource [mem 0x40000000-0xfdffffff window]
[    1.020011] pci_bus 0000:00: root bus resource [bus 00-ff]
[    1.042638] pci 0000:00:01.1: legacy IDE quirk: reg 0x10: [io  0x01f0-0x01f7]
[    1.056009] pci 0000:00:01.1: legacy IDE quirk: reg 0x14: [io  0x03f6]
[    1.064010] pci 0000:00:01.1: legacy IDE quirk: reg 0x18: [io  0x0170-0x0177]
[    1.076009] pci 0000:00:01.1: legacy IDE quirk: reg 0x1c: [io  0x0376]
[    1.144559] pci 0000:00:07.0: quirk: [io  0x4000-0x403f] claimed by PIIX4 ACPI
[    1.156069] pci 0000:00:07.0: quirk: [io  0x4100-0x410f] claimed by PIIX4 SMB
[    1.192443] ACPI: PCI Interrupt Link [LNKA] (IRQs 5 9 10 *11)
[    1.201222] ACPI: PCI Interrupt Link [LNKB] (IRQs 5 9 *10 11)
[    1.212562] ACPI: PCI Interrupt Link [LNKC] (IRQs 5 *9 10 11)
[    1.224353] ACPI: PCI Interrupt Link [LNKD] (IRQs 5 9 10 *11)
[    1.237286] SCSI subsystem initialized
[    1.248580] pci 0000:00:02.0: vgaarb: setting as boot VGA device
[    1.252000] pci 0000:00:02.0: vgaarb: VGA device added: decodes=io+mem,owns=io+mem,locks=none
[    1.280018] pci 0000:00:02.0: vgaarb: bridge control possible
[    1.296010] vgaarb: loaded
[    1.300191] ACPI: bus type USB registered
[    1.312055] usbcore: registered new interface driver usbfs
[    1.332097] usbcore: registered new interface driver hub
[    1.360232] usbcore: registered new device driver usb
[    1.381444] EDAC MC: Ver: 3.0.0
[    1.396756] PCI: Using ACPI for IRQ routing
[    1.412679] NetLabel: Initializing
[    1.420010] NetLabel:  domain hash size = 128
[    1.436009] NetLabel:  protocols = UNLABELED CIPSOv4 CALIPSO
[    1.448041] NetLabel:  unlabeled traffic allowed by default
[    1.460395] clocksource: Switched to clocksource kvm-clock
[    1.545133] VFS: Disk quotas dquot_6.6.0
[    1.557877] VFS: Dquot-cache hash table entries: 512 (order 0, 4096 bytes)
[    1.573253] AppArmor: AppArmor Filesystem Enabled
[    1.582045] pnp: PnP ACPI init
[    1.590927] pnp: PnP ACPI: found 3 devices
[    1.622314] clocksource: acpi_pm: mask: 0xffffff max_cycles: 0xffffff, max_idle_ns: 2085701024 ns
[    1.636344] NET: Registered protocol family 2
[    1.646107] IP idents hash table entries: 16384 (order: 5, 131072 bytes)
[    1.657768] TCP established hash table entries: 8192 (order: 4, 65536 bytes)
[    1.673143] TCP bind hash table entries: 8192 (order: 5, 131072 bytes)
[    1.685336] TCP: Hash tables configured (established 8192 bind 8192)
[    1.699129] UDP hash table entries: 512 (order: 2, 16384 bytes)
[    1.709567] UDP-Lite hash table entries: 512 (order: 2, 16384 bytes)
[    1.719561] NET: Registered protocol family 1
[    1.726890] pci 0000:00:00.0: Limiting direct PCI/PCI transfers
[    1.735665] pci 0000:00:01.0: Activating ISA DMA hang workarounds
[    1.745427] pci 0000:00:02.0: Video device with shadowed ROM at [mem 0x000c0000-0x000dffff]
[    1.758029] Unpacking initramfs...
[    2.611918] Freeing initrd memory: 19528K
[    2.622200] clocksource: tsc: mask: 0xffffffffffffffff max_cycles: 0x228b6986a52, max_idle_ns: 440795212324 ns
[    2.644887] platform rtc_cmos: registered platform RTC device (no PNP device found)
[    2.655128] Scanning for low memory corruption every 60 seconds
[    2.666355] Initialise system trusted keyrings
[    2.672730] Key type blacklist registered
[    2.679319] workingset: timestamp_bits=36 max_order=18 bucket_order=0
[    2.691588] zbud: loaded
[    2.698012] squashfs: version 4.0 (2009/01/31) Phillip Lougher
[    2.707661] fuse init (API version 7.26)
[    2.748427] Key type asymmetric registered
[    2.754604] Asymmetric key parser 'x509' registered
[    2.761523] Block layer SCSI generic (bsg) driver version 0.4 loaded (major 246)
[    2.772858] io scheduler noop registered
[    2.778929] io scheduler deadline registered
[    2.785328] io scheduler cfq registered (default)
[    2.792802] ACPI: AC Adapter [AC] (on-line)
[    2.799774] input: Power Button as /devices/LNXSYSTM:00/LNXPWRBN:00/input/input0
[    2.810529] ACPI: Power Button [PWRF]
[    2.816741] input: Sleep Button as /devices/LNXSYSTM:00/LNXSLPBN:00/input/input1
[    2.827149] ACPI: Sleep Button [SLPF]
[    2.836572] ACPI: Battery Slot [BAT0] (battery present)
[    2.836942] Serial: 8250/16550 driver, 32 ports, IRQ sharing enabled
[    2.902542] 00:02: ttyS0 at I/O 0x3f8 (irq = 4, base_baud = 115200) is a 16550A
[    2.917924] Linux agpgart interface v0.103
[    2.934584] loop: module loaded
[    2.945649] scsi host0: ata_piix
[    2.953059] scsi host1: ata_piix
[    2.959151] ata1: PATA max UDMA/33 cmd 0x1f0 ctl 0x3f6 bmdma 0xd000 irq 14
[    2.969225] ata2: PATA max UDMA/33 cmd 0x170 ctl 0x376 bmdma 0xd008 irq 15
[    2.979922] tun: Universal TUN/TAP device driver, 1.6
[    2.988636] PPP generic driver version 2.4.2
[    2.996686] ehci_hcd: USB 2.0 'Enhanced' Host Controller (EHCI) Driver
[    3.007302] ehci-pci: EHCI PCI platform driver
[    3.014451] ehci-platform: EHCI generic platform driver
[    3.022923] ohci_hcd: USB 1.1 'Open' Host Controller (OHCI) Driver
[    3.031929] ohci-pci: OHCI PCI platform driver
[    3.039527] ohci-platform: OHCI generic platform driver
[    3.047759] uhci_hcd: USB Universal Host Controller Interface driver
[    3.057455] i8042: PNP: PS/2 Controller [PNP0303:PS2K,PNP0f03:PS2M] at 0x60,0x64 irq 1,12
[    3.074794] serio: i8042 KBD port at 0x60,0x64 irq 1
[    3.082275] serio: i8042 AUX port at 0x60,0x64 irq 12
[    3.090298] mousedev: PS/2 mouse device common for all mice
[    3.101231] input: AT Translated Set 2 keyboard as /devices/platform/i8042/serio0/input/input2
[    3.101755] rtc_cmos rtc_cmos: rtc core: registered rtc_cmos as rtc0
[    3.126084] rtc_cmos rtc_cmos: alarms up to one day, 114 bytes nvram
[    3.147134] i2c /dev entries driver
[    3.155163] device-mapper: uevent: version 1.0.3
[    3.164879] device-mapper: ioctl: 4.37.0-ioctl (2017-09-20) initialised: dm-devel@redhat.com
[    3.230308] ledtrig-cpu: registered to indicate activity on CPUs
[    3.243380] NET: Registered protocol family 10
[    3.265835] Segment Routing with IPv6
[    3.272366] NET: Registered protocol family 17
[    3.280481] Key type dns_resolver registered
[    3.288605] mce: Using 0 MCE banks
[    3.293943] RAS: Correctable Errors collector initialized.
[    3.301860] sched_clock: Marking stable (3301794886, 0)->(4559966224, -1258171338)
[    3.321623] registered taskstats version 1
[    3.328229] Loading compiled-in X.509 certificates
[    3.344742] Loaded X.509 cert 'Build time autogenerated kernel key: f114f3958ed3c37ba1924ca66ae8368f3c35b0e4'
[    3.358922] Loaded X.509 cert 'Canonical Ltd. Live Patch Signing: 14df34d1a87cf37625abec039ef2bf521249b969'
[    3.373629] Loaded X.509 cert 'Canonical Ltd. Kernel Module Signing: 88f752e560a1e0737e31163a466ad7b70a850c19'
[    3.394192] blacklist: Loading compiled-in revocation X.509 certificates
[    3.408501] Loaded X.509 cert 'Canonical Ltd. Secure Boot Signing: 61482aa2830d0ab2ad5af10b7250da9033ddcef0'
[    3.422804] zswap: loaded using pool lzo/zbud
[    3.449541] Key type big_key registered
[    3.455732] Key type trusted registered
[    3.469734] Key type encrypted registered
[    3.478272] AppArmor: AppArmor sha1 policy hashing enabled
[    3.486622] ima: No TPM chip found, activating TPM-bypass! (rc=-19)
[    3.495287] ima: Allocated hash algorithm: sha1
[    3.501894] evm: HMAC attrs: 0x1
[    3.508246]   Magic number: 7:561:370
[    3.514581] rtc_cmos rtc_cmos: setting system clock to 2023-01-27 07:23:11 UTC (1674804191)
[    3.526919] BIOS EDD facility v0.16 2004-Jun-25, 0 devices found
[    3.535240] EDD information not available.
[    3.546549] Freeing unused kernel image memory: 2472K
[    4.036158] Write protecting the kernel read-only data: 20480k
[    4.047287] Freeing unused kernel image memory: 2008K
[    4.055673] Freeing unused kernel image memory: 1824K
[    4.069712] x86/mm: Checked W+X mappings: passed, no W+X pages found.
[    4.078999] x86/mm: Checking user space page tables
[    4.091832] x86/mm: Checked W+X mappings: passed, no W+X pages found.
Loading, please wait...
starting version 237
[    4.323497] e1000: Intel(R) PRO/1000 Network Driver - version 7.3.21-k8-NAPI
[    4.336624] e1000: Copyright (c) 1999-2006 Intel Corporation.
[    4.347044] Fusion MPT base driver 3.04.20
[    4.355327] Copyright (c) 1999-2008 LSI Corporation
[    4.413040] Fusion MPT SPI Host driver 3.04.20
[    4.439132] SSE version of gcm_enc/dec engaged.
[    4.568462] input: ImExPS/2 Generic Explorer Mouse as /devices/platform/i8042/serio1/input/input4
[    5.387830] e1000 0000:00:03.0 eth0: (PCI:33MHz:32-bit) 02:b0:55:75:d1:60
[    5.400526] e1000 0000:00:03.0 eth0: Intel(R) PRO/1000 Network Connection
[    6.807838] e1000 0000:00:08.0 eth1: (PCI:33MHz:32-bit) 08:00:27:7e:81:af
[    6.821883] e1000 0000:00:08.0 eth1: Intel(R) PRO/1000 Network Connection
[    6.851283] mptbase: ioc0: Initiating bringup
[    6.859908] e1000 0000:00:08.0 enp0s8: renamed from eth1
[    6.906383] e1000 0000:00:03.0 enp0s3: renamed from eth0
[    7.043615] ioc0: LSI53C1030 A0: Capabilities={Initiator}
[    7.320059] scsi host2: ioc0: LSI53C1030 A0, FwRev=00000000h, Ports=1, MaxQ=256, IRQ=20
[    7.513894] scsi 2:0:0:0: Direct-Access     VBOX     HARDDISK         1.0  PQ: 0 ANSI: 5
[    7.917933] scsi target2:0:0: Beginning Domain Validation
[    7.936775] scsi target2:0:0: Domain Validation skipping write tests
[    7.945493] scsi target2:0:0: Ending Domain Validation
[    7.953147] scsi target2:0:0: asynchronous
[    7.962575] scsi 2:0:1:0: Direct-Access     VBOX     HARDDISK         1.0  PQ: 0 ANSI: 5
[    8.195247] scsi target2:0:1: Beginning Domain Validation
[    8.213223] scsi target2:0:1: Domain Validation skipping write tests
[    8.222439] scsi target2:0:1: Ending Domain Validation
[    8.230962] scsi target2:0:1: asynchronous
[    8.258933] sd 2:0:0:0: [sda] 83886080 512-byte logical blocks: (42.9 GB/40.0 GiB)
[    8.285787] sd 2:0:0:0: Attached scsi generic sg0 type 0
[    8.286337] sd 2:0:0:0: [sda] Write Protect is off
[    8.306851] sd 2:0:1:0: Attached scsi generic sg1 type 0
[    8.307599] sd 2:0:0:0: [sda] Incomplete mode parameter data
[    8.329880] sd 2:0:0:0: [sda] Assuming drive cache: write through
[    8.342909] sd 2:0:1:0: [sdb] 20480 512-byte logical blocks: (10.5 MB/10.0 MiB)
[    8.363365] sd 2:0:1:0: [sdb] Write Protect is off
[    8.374444] sd 2:0:1:0: [sdb] Incomplete mode parameter data
[    8.384105] sd 2:0:1:0: [sdb] Assuming drive cache: write through
[    8.396191]  sda: sda1
[    8.409205] sd 2:0:0:0: [sda] Attached SCSI disk
[    8.415969] sd 2:0:1:0: [sdb] Attached SCSI disk
Begin: Loading essential drivers ... [  191.792070] INFO: rcu_sched self-detected stall on CPU
[  191.792038] INFO: rcu_sched self-detected stall on CPU
[  191.792079] 	1-...!: (1 GPs behind) idle=776/140000000000001/0 softirq=1142/1151 fqs=0 
[  191.840433] 	 (t=44849 jiffies g=-37 c=-38 q=105)
[  191.840470] 	0-...!: (1 ticks this GP) idle=0fe/1/0 softirq=1112/1112 fqs=0 
[  191.858124] rcu_sched kthread starved for 44849 jiffies! g18446744073709551579 c18446744073709551578 f0x0 RCU_GP_WAIT_FQS(3) ->state=0x402 ->cpu=0
[  191.874895] 	 (t=44849 jiffies g=-37 c=-38 q=105)
[  191.909453] rcu_sched       I    0     9      2 0x80000000
[  191.921770] rcu_sched kthread starved for 44849 jiffies! g18446744073709551579 c18446744073709551578 f0x0 RCU_GP_WAIT_FQS(3) ->state=0x402 ->cpu=0
[  191.937034] Call Trace:
[  191.967943] rcu_sched       I    0     9      2 0x80000000
[  191.973668]  __schedule+0x24e/0x890
[  191.987282] Call Trace:
[  192.001793]  schedule+0x2c/0x80
[  192.010492]  __schedule+0x24e/0x890
[  192.023564]  schedule_timeout+0x15d/0x370
[  192.032966]  schedule+0x2c/0x80
[  192.041978]  ? __next_timer_interrupt+0xe0/0xe0
[  192.050658]  schedule_timeout+0x15d/0x370
[  192.059212]  rcu_gp_kthread+0x53a/0x980
[  192.072727]  ? __next_timer_interrupt+0xe0/0xe0
[  192.088473]  kthread+0x121/0x140
[  192.088477]  ? rcu_note_context_switch+0x150/0x150
[  192.088480]  ? kthread_create_worker_on_cpu+0x70/0x70
[  192.088484]  ret_from_fork+0x35/0x40
[  192.088615] Sending NMI from CPU 1 to CPUs 0:
[  192.090771] NMI backtrace for cpu 0
[  192.090773] CPU: 0 PID: 0 Comm: swapper/0 Not tainted 4.15.0-202-generic #213-Ubuntu
[  192.090773] Hardware name: innotek GmbH VirtualBox/VirtualBox, BIOS VirtualBox 12/01/2006
[  192.090774] RIP: 0010:vprintk_emit+0x242/0x2c0
[  192.090774] RSP: 0018:ffff94e53fc03c40 EFLAGS: 00010002
[  192.090776] RAX: 0000000000000001 RBX: 0000000000000023 RCX: ffffffff937694a0
[  192.090776] RDX: 0000000000000001 RSI: 0000000000000002 RDI: ffffffff937694b0
[  192.090777] RBP: ffff94e53fc03c80 R08: 00000035f020ea1a R09: 0000000000000023
[  192.090777] R10: 0000000000000000 R11: 00000000000001b0 R12: 0000000000000002
[  192.090778] R13: 0000000000000001 R14: 00000000000001b1 R15: ffff94e53fc03cc0
[  192.090778] FS:  0000000000000000(0000) GS:ffff94e53fc00000(0000) knlGS:0000000000000000
[  192.090779] CS:  0010 DS: 0000 ES: 0000 CR0: 0000000080050033
[  192.090779] CR2: 0000559fee6f3808 CR3: 0000000018e0a001 CR4: 00000000000206f0
[  192.090780] Call Trace:
[  192.090780]  <IRQ>
[  192.090780]  ? __next_timer_interrupt+0xe0/0xe0
[  192.090781]  vprintk_default+0x29/0x50
[  192.090781]  vprintk_func+0x47/0xc0
[  192.090782]  printk+0x52/0x6e
[  192.090782]  ? kernel_text_address+0xe8/0xf0
[  192.090783]  ? __next_timer_interrupt+0xe0/0xe0
[  192.090783]  ? __next_timer_interrupt+0xe0/0xe0
[  192.090784]  show_trace_log_lvl+0x179/0x3d0
[  192.090784]  ? __next_timer_interrupt+0xe0/0xe0
[  192.090784]  ? rcu_gp_kthread+0x53a/0x980
[  192.090785]  show_stack+0x34/0x50
[  192.090785]  sched_show_task+0xfe/0x130
[  192.090786]  rcu_check_gp_kthread_starvation+0xad/0xc0
[  192.090786]  rcu_check_callbacks+0x6c5/0x8e0
[  192.090787]  ? tick_sched_do_timer+0x50/0x50
[  192.090787]  update_process_times+0x2f/0x60
[  192.090788]  tick_sched_handle+0x26/0x70
[  192.090788]  ? tick_sched_do_timer+0x50/0x50
[  192.090789]  tick_sched_timer+0x39/0x80
[  192.090789]  __hrtimer_run_queues+0xdf/0x230
[  192.090789]  hrtimer_interrupt+0xa0/0x1d0
[  192.090790]  smp_apic_timer_interrupt+0x6f/0x140
[  192.090790]  apic_timer_interrupt+0x90/0xa0
[  192.090791]  </IRQ>
[  192.090791] RIP: 0010:native_safe_halt+0x12/0x20
[  192.090792] RSP: 0018:ffffffff93203e28 EFLAGS: 00010246 ORIG_RAX: ffffffffffffff11
[  192.090793] RAX: ffffffff927ce7f0 RBX: 0000000000000000 RCX: 0000000000000000
[  192.090793] RDX: 0000000000000000 RSI: 0000000000000000 RDI: 0000000000000000
[  192.090794] RBP: ffffffff93203e28 R08: 0000000000000002 R09: 0000000000000000
[  192.090794] R10: 0000000000000001 R11: 00000000000001a8 R12: 0000000000000000
[  192.090795] R13: 0000000000000000 R14: 0000000000000000 R15: 0000000000000000
[  192.090795]  ? __sched_text_end+0x1/0x1
[  192.090795]  default_idle+0x20/0x100
[  192.090796]  arch_cpu_idle+0x15/0x20
[  192.090796]  default_idle_call+0x23/0x30
[  192.090797]  do_idle+0x172/0x1f0
[  192.090797]  cpu_startup_entry+0x73/0x80
[  192.090797]  rest_init+0xae/0xb0
[  192.090798]  start_kernel+0x4c9/0x4ed
[  192.090798]  x86_64_start_reservations+0x24/0x26
[  192.090799]  x86_64_start_kernel+0x8e/0x91
[  192.090799]  secondary_startup_64+0xa5/0xb0
[  192.090799] Code: ba 01 00 00 00 48 c7 c7 b0 94 76 93 e8 5c 02 ff ff 66 90 84 d2 74 7a 0f b6 05 fb 67 87 01 48 c7 c1 a0 94 76 93 84 c0 74 09 f3 90 <0f> b6 11 84 d2 75 f7 e8 52 0d 00 00 4c 89 e7 57 9d 0f 1f 44 00 
[  192.090815] NMI backtrace for cpu 1
[  192.104709]  rcu_gp_kthread+0x53a/0x980
[  192.104713]  kthread+0x121/0x140
[  192.104715]  ? rcu_note_context_switch+0x150/0x150
[  192.104718]  ? kthread_create_worker_on_cpu+0x70/0x70
[  192.104721]  ret_from_fork+0x35/0x40
[  192.820075] CPU: 1 PID: 272 Comm: modprobe Not tainted 4.15.0-202-generic #213-Ubuntu
[  192.833284] Hardware name: innotek GmbH VirtualBox/VirtualBox, BIOS VirtualBox 12/01/2006
[  192.845517] Call Trace:
[  192.851013]  <IRQ>
[  192.853962]  dump_stack+0x6d/0x8b
[  192.858791]  nmi_cpu_backtrace+0x94/0xa0
[  192.867373]  ? lapic_can_unplug_cpu+0xb0/0xb0
[  192.874194]  nmi_trigger_cpumask_backtrace+0xe7/0x130
[  192.882450]  arch_trigger_cpumask_backtrace+0x19/0x20
[  192.889632]  rcu_dump_cpu_stacks+0xa3/0xd5
[  192.899360]  rcu_check_callbacks+0x6cd/0x8e0
[  192.908167]  ? tick_sched_do_timer+0x50/0x50
[  192.916692]  update_process_times+0x2f/0x60
[  192.922782]  tick_sched_handle+0x26/0x70
[  192.930153]  ? tick_sched_do_timer+0x42/0x50
[  192.938439]  tick_sched_timer+0x39/0x80
[  192.943617]  __hrtimer_run_queues+0xdf/0x230
[  192.951017]  hrtimer_interrupt+0xa0/0x1d0
[  192.956487]  smp_apic_timer_interrupt+0x6f/0x140
[  192.966027]  apic_timer_interrupt+0x90/0xa0
[  192.972720]  </IRQ>
[  192.975797] RIP: 0010:init_module+0xda/0x1000 [raid6_pq]
[  192.987697] RSP: 0018:ffffac344054fba0 EFLAGS: 00010246 ORIG_RAX: ffffffffffffff11
[  193.020327] RAX: 00000000fffee723 RBX: 0000000000000000 RCX: 00000000fffee723
[  193.038561] RDX: 0000000036874000 RSI: 0000000000000000 RDI: 0000000000000246
[  193.051637] RBP: ffffac344054fc70 R08: 000000000002bd00 R09: 0000000000037922
[  193.068099] R10: 0000000000000001 R11: 0000000000000000 R12: 0000000000000000
[  193.080088] R13: 0000000000000000 R14: ffff94e536874000 R15: ffffffffc0206140
[  193.091907]  ? __kernfs_new_node+0xcb/0x1c0
[  193.103111]  ? 0xffffffffc0153000
[  193.108157]  do_one_initcall+0x52/0x1a0
[  193.114881]  ? _cond_resched+0x19/0x40
[  193.121805]  ? kmem_cache_alloc_trace+0x167/0x1d0
[  193.128878]  ? do_init_module+0x27/0x1f2
[  193.138325]  do_init_module+0x4f/0x1f2
[  193.145059]  load_module+0x1772/0x2000
[  193.152875]  ? ima_post_read_file+0x96/0xa0
[  193.158485]  SYSC_finit_module+0xfc/0x120
[  193.169032]  ? SYSC_finit_module+0xfc/0x120
[  193.175133]  SyS_finit_module+0xe/0x10
[  193.182582]  do_syscall_64+0x73/0x130
[  193.187936]  entry_SYSCALL_64_after_hwframe+0x41/0xa6
[  193.195183] RIP: 0033:0x7fa28d52d539
[  193.205805] RSP: 002b:00007ffc6e3e6d38 EFLAGS: 00000246 ORIG_RAX: 0000000000000139
[  193.218116] RAX: ffffffffffffffda RBX: 000055e5ff95b880 RCX: 00007fa28d52d539
[  193.227629] RDX: 0000000000000000 RSI: 000055e5fee85cee RDI: 0000000000000004
[  193.240541] RBP: 000055e5fee85cee R08: 0000000000000000 R09: 000055e5ff95ae00
[  193.252211] R10: 0000000000000004 R11: 0000000000000246 R12: 0000000000000000
[  193.261725] R13: 000055e5ff95b830 R14: 0000000000060000 R15: 000055e5ff95ae00
[  193.275331] NMI backtrace for cpu 0
[  193.282879] CPU: 0 PID: 0 Comm: swapper/0 Not tainted 4.15.0-202-generic #213-Ubuntu
[  193.295352] Hardware name: innotek GmbH VirtualBox/VirtualBox, BIOS VirtualBox 12/01/2006
[  193.309485] Call Trace:
[  193.315036]  <IRQ>
[  193.318730]  dump_stack+0x6d/0x8b
[  193.324817]  nmi_cpu_backtrace+0x94/0xa0
[  193.333071]  ? lapic_can_unplug_cpu+0xb0/0xb0
[  193.341026]  nmi_trigger_cpumask_backtrace+0xe7/0x130
[  193.351412]  arch_trigger_cpumask_backtrace+0x19/0x20
[  193.364443]  rcu_dump_cpu_stacks+0xa3/0xd5
[  193.373703]  rcu_check_callbacks+0x6cd/0x8e0
[  193.386095]  ? tick_sched_do_timer+0x50/0x50
[  193.399350]  update_process_times+0x2f/0x60
[  193.410490]  tick_sched_handle+0x26/0x70
[  193.423029]  ? tick_sched_do_timer+0x50/0x50
[  193.438955]  tick_sched_timer+0x39/0x80
[  193.449978]  __hrtimer_run_queues+0xdf/0x230
[  193.458726]  hrtimer_interrupt+0xa0/0x1d0
[  193.470647]  smp_apic_timer_interrupt+0x6f/0x140
[  193.479605]  apic_timer_interrupt+0x90/0xa0
[  193.487935]  </IRQ>
[  193.492059] RIP: 0010:native_safe_halt+0x12/0x20
[  193.501996] RSP: 0018:ffffffff93203e28 EFLAGS: 00010246 ORIG_RAX: ffffffffffffff11
[  193.520217] RAX: ffffffff927ce7f0 RBX: 0000000000000000 RCX: 0000000000000000
[  193.535952] RDX: 0000000000000000 RSI: 0000000000000000 RDI: 0000000000000000
[  193.553158] RBP: ffffffff93203e28 R08: 0000000000000002 R09: 0000000000000000
[  193.570015] R10: 0000000000000001 R11: 00000000000001a8 R12: 0000000000000000
[  193.584992] R13: 0000000000000000 R14: 0000000000000000 R15: 0000000000000000
[  193.600354]  ? __sched_text_end+0x1/0x1
[  193.606934]  default_idle+0x20/0x100
[  193.614085]  arch_cpu_idle+0x15/0x20
[  193.620527]  default_idle_call+0x23/0x30
[  193.626741]  do_idle+0x172/0x1f0
[  193.637119]  cpu_startup_entry+0x73/0x80
[  193.645260]  rest_init+0xae/0xb0
[  193.654815]  start_kernel+0x4c9/0x4ed
[  193.660486]  x86_64_start_reservations+0x24/0x26
[  193.673906]  x86_64_start_kernel+0x8e/0x91
[  193.683700]  secondary_startup_64+0xa5/0xb0
[  193.690887] Sending NMI from CPU 0 to CPUs 1:
[  193.704384] raid6: sse2x1   gen() 33477 MB/s
[  193.771349] raid6: sse2x1   xor()  4465 MB/s
[  193.846698] raid6: sse2x2   gen()  7859 MB/s
[  193.909015] raid6: sse2x2   xor()  3590 MB/s
[  193.965737] raid6: sse2x4   gen()  7702 MB/s
[  194.026108] raid6: sse2x4   xor()  5605 MB/s
[  194.037544] raid6: using algorithm sse2x1 gen() 33477 MB/s
[  194.051668] raid6: .... xor() 4465 MB/s, rmw enabled
[  194.059969] raid6: using ssse3x2 recovery algorithm
[  204.911593] xor: measuring software checksum speed
[  205.006744]    prefetch64-sse: 35141.000 MB/sec
[  205.123772]    generic_sse: 26487.000 MB/sec
[  205.132827] xor: using function: prefetch64-sse (35141.000 MB/sec)
[  205.145671] async_tx: api initialized (async)
done.
Begin: Running /scripts/init-premount ... done.
Begin: Mounting root file system ... Begin: Running /scripts/local-top ... done.
Begin: Running /scripts/local-premount ... [  205.268701] Btrfs loaded, crc32c=crc32c-intel
Scanning for Btrfs filesystems
done.
Warning: fsck not present, so skipping root file system
[  205.375955] EXT4-fs (sda1): mounted filesystem with ordered data mode. Opts: (null)
done.
Begin: Running /scripts/local-bottom ... done.
Begin: Running /scripts/init-bottom ... done.
[  206.050953] ip_tables: (C) 2000-2006 Netfilter Core Team
[  206.113236] systemd[1]: systemd 237 running in system mode. (+PAM +AUDIT +SELINUX +IMA +APPARMOR +SMACK +SYSVINIT +UTMP +LIBCRYPTSETUP +GCRYPT +GNUTLS +ACL +XZ +LZ4 +SECCOMP +BLKID +ELFUTILS +KMOD -IDN2 +IDN -PCRE2 default-hierarchy=hybrid)
[  206.169754] systemd[1]: Detected virtualization oracle.
[  206.180909] systemd[1]: Detected architecture x86-64.

Welcome to [1mUbuntu 18.04.6 LTS[0m!

[  206.255113] systemd[1]: Set hostname to <web03>.
[  206.935653] systemd[1]: Created slice User and Session Slice.
[[0;32m  OK  [0m] Created slice User and Session Slice.
[  206.951412] systemd[1]: Started Forward Password Requests to Wall Directory Watch.
[[0;32m  OK  [0m] Started Forward Password Requests to Wall Directory Watch.
[  206.973792] systemd[1]: Reached target Swap.
[[0;32m  OK  [0m] Reached target Swap.
[  206.986310] systemd[1]: Reached target System Time Synchronized.
[[0;32m  OK  [0m] Reached target System Time Synchronized.
[  207.009223] systemd[1]: Set up automount Arbitrary Executable File Formats File System Automount Point.
[[0;32m  OK  [0m] Set up automount Arbitrary Executabâ€¦rmats File System Automount Point.
[  207.034811] systemd[1]: Created slice System Slice.
[[0;32m  OK  [0m] Created slice System Slice.
[[0;32m  OK  [0m] Listening on /dev/initctl Compatibility Named Pipe.
[[0;32m  OK  [0m] Listening on fsck to fsckd communication Socket.
[[0;32m  OK  [0m] Listening on Journal Socket.
         Starting Load Kernel Modules...
         Mounting Kernel Debug File System...
[[0;32m  OK  [0m] Listening on Journal Audit Socket.
[  207.146503] Loading iSCSI transport class v2.0-870.
         Starting File System Check on Root Device...
[[0;32m  OK  [0m] Listening on Device-mapper event daemon FIFOs.
         Mounting Huge Pages File System...
[[0;32m  OK  [0m[  207.214842] iscsi: registered transport (tcp)
] Listening on LVM2 poll daemon socket.
         Starting Create list of required stâ€¦ce nodes for the current kernel...
[[0;32m  OK  [0m] Created slice system-serial\x2dgetty.slice.
[[0;32m  OK  [0m] Listening on LVM2 metadata daemon socket.
         Starting Set the console keyboard layout...
[[0;32m  OK  [0m] Listening on Journal Socket (/dev/log).
[[0;32m  OK  [0m] Listening on udev Control Socket.
[[0;32m  OK  [0m] Listening on Network Service Netlink Socket.
         Starting Uncomplicated firewall...
         Starting Monitoring of LVM2 mirrorsâ€¦ng dmeventd or progress polling...
[[0;32m  OK  [0m] Reached target Slices.
         Mounting POSIX Message Queue File System...
[[0;32m  OK  [0m] Listening on Syslog Socket.
         Starting Journal Service...
[[0;32m  OK  [0m] Reached target User and Group Name Lookups.
[[0;32m  OK  [0m] Listening on udev Kernel Socket.
         Starting udev Coldplug all Devices...
[[0;32m  OK  [0m] Mounted Kernel Debug File System.
[[0;32m  OK  [0m] Started File System Check on Root Device.
[[0;32m  OK  [0m] Mounted Huge Pages File System.
[[0;32m  OK  [0m] Started Create list of required staâ€¦vice nodes for the current kernel.
[[0;32m  OK  [0m] Started Uncomplicated firewall.
[[0;32m  OK  [0m] Mounted POSIX Message Queue File System.
[[0;32m  OK  [0m] Started File System Check Daemon to report status.
         Starting Create Static Device Nodes in /dev...
         Starting Remount Root and Kernel File Systems...
[[0;32m  OK  [0m] Started LVM2 metadata daemon.
[[0;32m  OK  [0m] Started Create Static Device Nodes in /dev.
[  207.704194] EXT4-fs (sda1): re-mounted. Opts: (null)
[  207.748992] iscsi: registered transport (iser)
[[0;32m  OK  [0m] Started Remount Root and Kernel File Systems.
[[0;32m  OK  [0m] Started Monitoring of LVM2 mirrors,â€¦sing dmeventd or progress polling.
         Starting Load/Save Random Seed...
         Starting udev Kernel Device Manager...
[[0;32m  OK  [0m] Started Load Kernel Modules.
         Starting Apply Kernel Variables...
         Mounting FUSE Control File System...
         Mounting Kernel Configuration File System...
[[0;32m  OK  [0m] Started udev Coldplug all Devices.
[[0;32m  OK  [0m] Mounted Kernel Configuration File System.
[[0;32m  OK  [0m] Mounted FUSE Control File System.
[[0;32m  OK  [0m] Started Journal Service.
         Starting Flush Journal to Persistent Storage...
[[0;32m  OK  [0m] Started Set the console keyboard layout.
[[0;32m  OK  [0m] Reached target Local File Systems (Pre).
[[0;32m  OK  [0m] Reached target Local File Systems.
         Starting Tell Plymouth To Write Out Runtime Data...
         Starting Set console font and keymap...
         Starting ebtables ruleset management...
         Starting AppArmor initialization...
[[0;32m  OK  [0m] Started udev Kernel Device Manager.
[[0;32m  OK  [0m] Started Load/Save Random Seed.
[[0;32m  OK  [0m] Started Dispatch Password Requests to Console Directory Watch.
[[0;32m  OK  [0m] Reached target Local Encrypted Volumes.
[  208.072539] systemd-journald[417]: Received request to flush runtime journal from PID 1
[[0;32m  OK  [0m] Started Tell Plymouth To Write Out Runtime Data.
[[0;32m  OK  [0m] Started Set console font and keymap.
[[0;32m  OK  [0m] Started Apply Kernel Variables.
[[0;32m  OK  [0m] Started Flush Journal to Persistent Storage.
         Starting Create Volatile Files and Directories...
[[0;32m  OK  [0m] Started Create Volatile Files and Directories.
         Starting Update UTMP about System Boot/Shutdown...
[[0;32m  OK  [0m] Started ebtables ruleset management.
[[0;32m  OK  [0m] Started Update UTMP about System Boot/Shutdown.
[[0;32m  OK  [0m] Started AppArmor initialization.
         Starting Load AppArmor profiles managed internally by snapd...
         Starting Initial cloud-init job (pre-networking)...
[[0;32m  OK  [0m] Found device /dev/ttyS0.
         Mounting Arbitrary Executable File Formats File System...
[[0;32m  OK  [0m] Mounted Arbitrary Executable File Formats File System.
[[0;32m  OK  [0m] Started Load AppArmor profiles managed internally by snapd.
[[0;32m  OK  [0m] Listening on Load/Save RF Kill Switch Status /dev/rfkill Watch.
[  213.175945] cloud-init[533]: Cloud-init v. 22.4.2-0ubuntu0~18.04.1 running 'init-local' at Fri, 27 Jan 2023 07:26:40 +0000. Up 212.70 seconds.
[[0;32m  OK  [0m] Started Initial cloud-init job (pre-networking).
[[0;32m  OK  [0m] Reached target Network (Pre).
         Starting Network Service...
[[0;32m  OK  [0m] Started Network Service.
         Starting Wait for Network to be Configured...
         Starting Network Name Resolution...
[[0;32m  OK  [0m] Started Network Name Resolution.
[[0;32m  OK  [0m] Reached target Network.
[[0;32m  OK  [0m] Reached target Host and Network Name Lookups.
[[0;32m  OK  [0m] Started Wait for Network to be Configured.
         Starting Initial cloud-init job (metadata service crawler)...
[  215.975785] cloud-init[676]: Cloud-init v. 22.4.2-0ubuntu0~18.04.1 running 'init' at Fri, 27 Jan 2023 07:26:43 +0000. Up 215.66 seconds.
[  215.992173] cloud-init[676]: ci-info: ++++++++++++++++++++++++++++++++++++++Net device info+++++++++++++++++++++++++++++++++++++++
[  216.009331] cloud-init[676]: ci-info: +--------+------+-----------------------------+---------------+--------+-------------------+
[  216.025082] cloud-init[676]: ci-info: | Device |  Up  |           Address           |      Mask     | Scope  |     Hw-Address    |
[  216.042557] cloud-init[676]: ci-info: +--------+------+-----------------------------+---------------+--------+-------------------+
[  216.058604] cloud-init[676]: ci-info: | enp0s3 | True |          10.0.2.15          | 255.255.255.0 | global | 02:b0:55:75:d1:60 |
[  216.075040] cloud-init[676]: ci-info: | enp0s3 | True |  fe80::b0:55ff:fe75:d160/64 |       .       |  link  | 02:b0:55:75:d1:60 |
[  216.089385] cloud-init[676]: ci-info: | enp0s8 | True |        192.168.10.15        | 255.255.255.0 | global | 08:00:27:7e:81:af |
[  216.103413] cloud-init[676]: ci-info: | enp0s8 | True | fe80::a00:27ff:fe7e:81af/64 |       .       |  link  | 08:00:27:7e:81:af |
[  216.117979] cloud-init[676]: ci-info: |   lo   | True |          127.0.0.1          |   255.0.0.0   |  host  |         .         |
[  216.133322] cloud-init[676]: ci-info: |   lo   | True |           ::1/128           |       .       |  host  |         .         |
[  216.147372] cloud-init[676]: ci-info: +--------+------+-----------------------------+---------------+--------+-------------------+
[  216.162555] cloud-init[676]: ci-info: +++++++++++++++++++++++++++++Route IPv4 info+++++++++++++++++++++++++++++
[  216.177464] cloud-init[676]: ci-info: +-------+--------------+----------+-----------------+-----------+-------+
[  216.193518] cloud-init[676]: ci-info: | Route | Destination  | Gateway  |     Genmask     | Interface | Flags |
[  216.209210] cloud-init[676]: ci-info: +-------+--------------+----------+-----------------+-----------+-------+
[  216.223746] cloud-init[676]: ci-info: |   0   |   0.0.0.0    | 10.0.2.2 |     0.0.0.0     |   enp0s3  |   UG  |
[  216.238051] cloud-init[676]: ci-info: |   1   |   10.0.2.0   | 0.0.0.0  |  255.255.255.0  |   enp0s3  |   U   |
[  216.250495] cloud-init[676]: ci-info: |   2   |   10.0.2.2   | 0.0.0.0  | 255.255.255.255 |   enp0s3  |   UH  |
[  216.267585] cloud-init[676]: ci-info: |   3   | 192.168.10.0 | 0.0.0.0  |  255.255.255.0  |   enp0s8  |   U   |
[  216.281406] cloud-init[676]: ci-info: +-------+--------------+----------+-----------------+-----------+-------+
[  216.297164] cloud-init[676]: ci-info: +++++++++++++++++++Route IPv6 info+++++++++++++++++++
[  216.309597] cloud-init[676]: ci-info: +-------+-------------+---------+-----------+-------+
[  216.324038] cloud-init[676]: ci-info: | Route | Destination | Gateway | Interface | Flags |
[  216.334886] cloud-init[676]: ci-info: +-------+-------------+---------+-----------+-------+
[  216.349627] cloud-init[676]: ci-info: |   1   |  fe80::/64  |    ::   |   enp0s8  |   U   |
[  216.359267] cloud-init[676]: ci-info: |   2   |  fe80::/64  |    ::   |   enp0s3  |   U   |
[  216.364936] cloud-init[676]: ci-info: |   4   |    local    |    ::   |   enp0s3  |   U   |
[  216.371795] cloud-init[676]: ci-info: |   5   |    local    |    ::   |   enp0s8  |   U   |
[  216.377763] cloud-init[676]: ci-info: |   6   |   ff00::/8  |    ::   |   enp0s8  |   U   |
[  216.383139] cloud-init[676]: ci-info: |   7   |   ff00::/8  |    ::   |   enp0s3  |   U   |
[  216.393467] cloud-init[676]: ci-info: +-------+-------------+---------+-----------+-------+
[[0;32m  OK  [0m] Started Initial cloud-init job (metadata service crawler).
[[0;32m  OK  [0m] Reached target Network is Online.
         Starting Availability of block devices...
[[0;32m  OK  [0m] Reached target Remote File Systems (Pre).
         Mounting /vagrant...
[[0;32m  OK  [0m] Reached target System Initialization.
[[0;32m  OK  [0m] Started Daily apt download activities.
[[0;32m  OK  [0m] Listening on ACPID Listen Socket.
[[0;32m  OK  [0m] Listening on Open-iSCSI iscsid Socket.
[[0;32m  OK  [0m] Started Message of the Day.
[[0;32m  OK  [0m] Listening on D-Bus System Message Bus Socket.
[[0;32m  OK  [0m] Listening on UUID daemon activation socket.
         Starting LXD - unix socket.
         Starting Socket activation for snappy daemon.
[[0;32m  OK  [0m] Started Discard unused blocks once a week.
[[0;32m  OK  [0m] Started Daily Cleanup of Temporary Directories.
[[0;32m  OK  [0m] Started Ubuntu Advantage Timer for running repeated jobs.
[[0;32m  OK  [0m] Started ACPI Events Check.
[[0;32m  OK  [0m] Reached target Paths.
[[0;32m  OK  [0m] Started Daily apt upgrade and clean activities.
[[0;32m  OK  [0m] Reached target Timers.
[[0;32m  OK  [0m] Listening on cloud-init hotplug hook socket.
[[0;32m  OK  [0m] Reached target Cloud-config availability.
[[0;32m  OK  [0m] Started Availability of block devices.
[[0;32m  OK  [0m] Mounted /vagrant.
[[0;32m  OK  [0m] Listening on LXD - unix socket.
[[0;32m  OK  [0m] Listening on Socket activation for snappy daemon.
[[0;32m  OK  [0m] Reached target Sockets.
[[0;32m  OK  [0m] Reached target Basic System.
[[0;32m  OK  [0m] Started D-Bus System Message Bus.
         Starting Dispatcher daemon for systemd-networkd...
         Starting Accounts Service...
         Starting OpenBSD Secure Shell server...
         Starting System Logging Service...
         Starting Login Service...
[[0;32m  OK  [0m] Started Deferred execution scheduler.
[[0;32m  OK  [0m] Reached target Login Prompts (Pre).
[[0;32m  OK  [0m] Started irqbalance daemon.
         Starting Snap Daemon...
[[0;32m  OK  [0m] Started FUSE filesystem for LXC.
[[0;32m  OK  [0m] Started Regular background program processing daemon.
         Starting Virtualbox guest utils...
         Starting Message of the Day...
         Starting LSB: Record successful boot for GRUB...
         Starting LXD - container startup/shutdown...
[[0;32m  OK  [0m] Reached target Remote File Systems.
         Starting Permit User Sessions...
         Starting LSB: automatic crash report generation...
[[0;32m  OK  [0m] Started System Logging Service.
[[0;32m  OK  [0m] Started OpenBSD Secure Shell server.
[[0;32m  OK  [0m] Started Permit User Sessions.
[[0;32m  OK  [0m] Started Login Service.
[[0;32m  OK  [0m] Started Unattended Upgrades Shutdown.
         Starting Terminate Plymouth Boot Screen...
         Starting Hold until boot process finishes up...
         Starting Authorization Manager...
[[0;32m  OK  [0m] Started Hold until boot process finishes up.
         Starting Set console scheme...
[[0;32m  OK  [0m] Started Serial Getty on ttyS0.
[[0;32m  OK  [0m] Started Terminate Plymouth Boot Screen.
[[0;32m  OK  [0m] Started Set console scheme.
[[0;32m  OK  [0m] Created slice system-getty.slice.
[[0;32m  OK  [0m] Started Getty on tty1.
[[0;32m  OK  [0m] Reached target Login Prompts.
[[0;32m  OK  [0m] Started LSB: automatic crash report generation.
[[0;32m  OK  [0m] Started LSB: Record successful boot for GRUB.
[[0;32m  OK  [0m] Started Authorization Manager.
[[0;32m  OK  [0m] Started Accounts Service.
[[0;32m  OK  [0m] Started Virtualbox guest utils.
[[0;32m  OK  [0m] Started Dispatcher daemon for systemd-networkd.
[[0;32m  OK  [0m] Started LXD - container startup/shutdown.
[[0;32m  OK  [0m] Created slice User Slice of vagrant.
         Starting User Manager for UID 1000...
[[0;32m  OK  [0m] Started Session 1 of user vagrant.
[[0;32m  OK  [0m] Started User Manager for UID 1000.
[[0;32m  OK  [0m] Started Snap Daemon.
         Starting Wait until snapd is fully seeded...
         Starting Time & Date Service...
[[0;32m  OK  [0m] Started Message of the Day.
[[0;32m  OK  [0m] Started Time & Date Service.
[[0;32m  OK  [0m] Started Wait until snapd is fully seeded.
         Starting Apply the settings specified in cloud-config...
[  223.320104] cloud-init[1084]: Cloud-init v. 22.4.2-0ubuntu0~18.04.1 running 'modules:config' at Fri, 27 Jan 2023 07:26:50 +0000. Up 222.92 seconds.

Ubuntu 18.04.6 LTS web03 ttyS0

web03 login: [  225.508102] cloud-init[1171]: Cloud-init v. 22.4.2-0ubuntu0~18.04.1 running 'modules:final' at Fri, 27 Jan 2023 07:26:53 +0000. Up 225.24 seconds.
[  225.508658] cloud-init[1171]: Cloud-init v. 22.4.2-0ubuntu0~18.04.1 finished at Fri, 27 Jan 2023 07:26:53 +0000. Datasource DataSourceNoCloud [seed=/dev/sdb][dsmode=net].  Up 225.46 seconds
